"",zip5,zip9_code,bankcard_limit,bankcard_balance,bankcard_trades,bankcard_util,total_revolving_limit,total_revolving_balance,total_revolving_trades,total_revolving_util,mortgage1_limit,mortgage1_balance,mortgage1_open,mortgage2_limit,mortgage2_balance,mortgage2_open,mortgage3_limit,mortgage3_balance,mortgage3_open,mortgage4_limit,mortgage4_balance,mortgage4_open,mortgage5_limit,mortgage5_balance,mortgage5_open,total_mortgage_limit,total_mortgage_balance,total_mortgage_trades,mortgage1_loan_to_value,homeequity1_limit,homeequity1_balance,homeequity1_open,homeequity2_limit,homeequity2_balance,homeequity2_open,homeequity3_limit,homeequity3_balance,homeequity3_open,homeequity4_limit,homeequity4_balance,homeequity4_open,homeequity5_limit,homeequity5_balance,homeequity5_open,total_homeequity_limit,total_homeequity_balance,total_homeequity_trades,homeequity1_loan_to_value,autoloan_open,studentloan_open,bankcard_open,homeequity_open,mortgage_open,_right,age,household_count,person_count,homebuyers,first_homebuyers,state,major_city,count_mtg_event,count_heq_event,mtg_heq_valid_flag
494767,10001,703023,24277.777344,1786.777832,1.333333,0.336375,24388.888672,1786.777832,1.444444,0.335791,0.000000,0.000000,0.000000,0.000000,0.000000,0.000000,0.000000,0.000000,0.000000,0.000000,0.000000,0.000000,0.000000,0.000000,0.000000,0.000000,0.000000,0.000000,,0.000000,0.000000,0.000000,0.000000,0.000000,0.000000,0.000000,0.000000,0.000000,0.000000,0.000000,0.000000,0.000000,0.000000,0.000000,0.000000,0.000000,0.000000,0.000000,0.000000,0.000000,0.666667,0.000000,0.000000,494767,50.758404,5,9,0,0,NY,New York,0,0,true
494781,10001,802280,34340.000000,2258.600098,3.200000,0.185960,38460.000000,2258.600098,3.800000,0.182404,0.000000,0.000000,0.000000,0.000000,0.000000,0.000000,0.000000,0.000000,0.000000,0.000000,0.000000,0.000000,0.000000,0.000000,0.000000,0.000000,0.000000,0.000000,,0.000000,0.000000,0.000000,0.000000,0.000000,0.000000,0.000000,0.000000,0.000000,0.000000,0.000000,0.000000,0.000000,0.000000,0.000000,0.000000,0.000000,0.000000,0.000000,0.000000,0.000000,1.000000,0.000000,0.000000,494781,52.498302,5,5,0,0,NY,New York,0,0,true
494850,10001,1478042,25194.800781,2691.800049,4.000000,0.629669,26884.800781,2900.800049,5.000000,0.626042,0.000000,0.000000,0.000000,0.000000,0.000000,0.000000,0.000000,0.000000,0.000000,0.000000,0.000000,0.000000,0.000000,0.000000,0.000000,0.000000,0.000000,0.000000,,0.000000,0.000000,0.000000,0.000000,0.000000,0.000000,0.000000,0.000000,0.000000,0.000000,0.000000,0.000000,0.000000,0.000000,0.000000,0.000000,0.000000,0.000000,0.000000,0.000000,0.400000,1.000000,0.000000,0.000000,494850,30.924789,5,5,0,0,NY,New York,0,0,true
495094,10001,3779203,21715.000000,2442.305664,2.277778,0.213878,23545.111328,2970.444336,2.722222,0.212492,276000.000000,193730.000000,0.055556,0.000000,0.000000,0.000000,0.000000,0.000000,0.000000,0.000000,0.000000,0.000000,0.000000,0.000000,0.000000,276000.000000,193730.000000,0.055556,73.500000,0.000000,0.000000,0.000000,0.000000,0.000000,0.000000,0.000000,0.000000,0.000000,0.000000,0.000000,0.000000,0.000000,0.000000,0.000000,0.000000,0.000000,0.000000,0.000000,0.000000,0.194444,0.777778,0.000000,0.055556,495094,33.474197,19,37,0,0,NY,New York,1,1,true
495582,10002,627746,8946.200195,784.750000,1.750000,0.114467,9563.200195,918.000000,2.250000,0.110969,607750.000000,608059.000000,0.050000,0.000000,0.000000,0.000000,0.000000,0.000000,0.000000,0.000000,0.000000,0.000000,0.000000,0.000000,0.000000,607750.000000,608059.000000,0.050000,100.000000,0.000000,0.000000,0.000000,0.000000,0.000000,0.000000,0.000000,0.000000,0.000000,0.000000,0.000000,0.000000,0.000000,0.000000,0.000000,0.000000,0.000000,0.000000,0.000000,0.150000,0.000000,0.800000,0.000000,0.050000,495582,36.868736,6,22,0,0,NY,New York,1,1,true
499388,10009,3471270,21622.222656,6534.777832,2.444444,0.389998,22718.445312,6992.333496,3.111111,0.372205,798400.000000,712844.000000,0.111111,0.000000,0.000000,0.000000,0.000000,0.000000,0.000000,0.000000,0.000000,0.000000,0.000000,0.000000,0.000000,798400.000000,712844.000000,0.111111,89.000000,50000.000000,0.000000,0.111111,0.000000,0.000000,0.000000,0.000000,0.000000,0.000000,0.000000,0.000000,0.000000,0.000000,0.000000,0.000000,50000.000000,0.000000,0.111111,0.000000,0.000000,0.000000,0.888889,0.111111,0.111111,499388,42.142696,5,9,0,0,NY,New York,1,1,false
